../Core/Src/main.c:84:6:measure_routine	16	static
../Core/Src/main.c:112:6:HAL_TIM_PeriodElapsedCallback	16	static
../Core/Src/main.c:122:5:main	24	static
../Core/Src/main.c:255:6:SystemClock_Config	96	static
../Core/Src/main.c:299:13:MX_CRC_Init	8	static
../Core/Src/main.c:333:13:MX_I2C1_Init	8	static
../Core/Src/main.c:381:13:MX_TIM2_Init	40	static
../Core/Src/main.c:426:13:MX_USART2_UART_Init	8	static
../Core/Src/main.c:461:13:MX_GPIO_Init	40	static
../Core/Src/main.c:504:6:Error_Handler	4	static,ignoring_inline_asm
