../Core/Src/main.c:87:6:measure_routine	16	static
../Core/Src/main.c:111:6:HAL_TIM_PeriodElapsedCallback	16	static
../Core/Src/main.c:121:5:main	24	static
../Core/Src/main.c:221:6:SystemClock_Config	96	static
../Core/Src/main.c:265:13:MX_CRC_Init	8	static
../Core/Src/main.c:299:13:MX_I2C1_Init	8	static
../Core/Src/main.c:347:13:MX_TIM2_Init	40	static
../Core/Src/main.c:392:13:MX_USART2_UART_Init	8	static
../Core/Src/main.c:427:13:MX_GPIO_Init	40	static
../Core/Src/main.c:470:6:Error_Handler	4	static,ignoring_inline_asm
